// Jest Snapshot v1, https://goo.gl/fbAQLP

exports[`snapshot test 1`] = `
<div
  className="Create"
>
  <p
    className="header"
  >
    Sign Up
  </p>
  <form
    onSubmit={[Function]}
  >
    <label
      className="login-label"
      htmlFor="username"
    >
      <div
        className="username-wrapper"
      >
        <p
          className="field-label"
        >
          CREATE USERNAME
        </p>
        <input
          className="input-field"
          id="username"
          onChange={[Function]}
          placeholder="Create username"
          type="text"
        />
        <p
          className="field-label"
        >
          CREATE PASSWORD
        </p>
        <input
          className="input-field"
          id="password"
          onChange={[Function]}
          placeholder="Create password"
          type="text"
        />
        <span
          className="error-message"
        >
          
        </span>
      </div>
      <input
        className="button"
        type="submit"
        value="CREATE ACCOUNT"
      />
    </label>
    <div
      className="spacer"
    />
    <button
      className="link"
      onClick={[Function]}
      type="button"
    >
      Back to login
    </button>
  </form>
</div>
`;
