// Jest Snapshot v1, https://goo.gl/fbAQLP

exports[`snapshot test 1`] = `
<div
  className="Profile"
>
  <div
    className="profile-flex"
  >
    <div
      className="header-left"
    >
       Edit Study 
    </div>
    <div
      className="title-row"
    >
      <div>
        Title
      </div>
      <input
        className="input-field"
        id="title"
        onChange={[Function]}
        type="text"
        value="title"
      />
    </div>
    <div
      className="description-row"
    >
      <div>
        Description
      </div>
      <input
        className="input-field"
        id="description"
        onChange={[Function]}
        type="text"
        value="description"
      />
      <div>
        Compensation
      </div>
      <input
        className="input-field"
        id="compensation"
        onChange={[Function]}
        type="text"
      />
      <div>
        Duration
      </div>
      <input
        className="input-field"
        id="duration"
        onChange={[Function]}
        type="text"
        value={0}
      />
      <div>
        Lead Researcher
      </div>
      <input
        className="input-field"
        id="researchers"
        onChange={[Function]}
        type="text"
      />
    </div>
    <div
      className="profile-row"
    >
      <div>
        Tags
      </div>
    </div>
    <div
      className="profile-row"
    >
      <div
        className=" css-b62m3t-container"
        onKeyDown={[Function]}
      >
        <span
          className="css-1f43avz-a11yText-A11yText"
          id="react-select-3-live-region"
        />
        <span
          aria-atomic="false"
          aria-live="polite"
          aria-relevant="additions text"
          className="css-1f43avz-a11yText-A11yText"
        />
        <div
          className=" css-108aapi-control"
          onMouseDown={[Function]}
          onTouchEnd={[Function]}
        >
          <div
            className=" css-319lph-ValueContainer"
          >
            <div
              className=" css-14el2xx-placeholder"
              id="react-select-3-placeholder"
            >
              Select...
            </div>
            <div
              className=" css-6j8wv5-Input"
              data-value=""
            >
              <input
                aria-autocomplete="list"
                aria-controls="react-select-3-listbox"
                aria-describedby="react-select-3-placeholder"
                aria-expanded={false}
                aria-haspopup={true}
                aria-owns="react-select-3-listbox"
                autoCapitalize="none"
                autoComplete="off"
                autoCorrect="off"
                className=""
                disabled={false}
                id="react-select-3-input"
                onBlur={[Function]}
                onChange={[Function]}
                onFocus={[Function]}
                role="combobox"
                spellCheck="false"
                style={
                  Object {
                    "background": 0,
                    "border": 0,
                    "color": "inherit",
                    "font": "inherit",
                    "gridArea": "1 / 2",
                    "label": "input",
                    "margin": 0,
                    "minWidth": "2px",
                    "opacity": 1,
                    "outline": 0,
                    "padding": 0,
                    "width": "100%",
                  }
                }
                tabIndex={0}
                type="text"
                value=""
              />
            </div>
          </div>
          <div
            className=" css-1hb7zxy-IndicatorsContainer"
          >
            <span
              className=" css-1okebmr-indicatorSeparator"
            />
            <div
              aria-hidden="true"
              className=" css-tlfecz-indicatorContainer"
              onMouseDown={[Function]}
              onTouchEnd={[Function]}
            >
              <svg
                aria-hidden="true"
                className="css-tj5bde-Svg"
                focusable="false"
                height={20}
                viewBox="0 0 20 20"
                width={20}
              >
                <path
                  d="M4.516 7.548c0.436-0.446 1.043-0.481 1.576 0l3.908 3.747 3.908-3.747c0.533-0.481 1.141-0.446 1.574 0 0.436 0.445 0.408 1.197 0 1.615-0.406 0.418-4.695 4.502-4.695 4.502-0.217 0.223-0.502 0.335-0.787 0.335s-0.57-0.112-0.789-0.335c0 0-4.287-4.084-4.695-4.502s-0.436-1.17 0-1.615z"
                />
              </svg>
            </div>
          </div>
        </div>
      </div>
    </div>
    <input
      className="signup-button"
      onClick={[Function]}
      type="submit"
      value="Update"
    />
    <input
      className="signup-button"
      onClick={[Function]}
      type="button"
      value="Delete Study"
    />
    <input
      className="signup-button"
      onClick={[Function]}
      type="button"
      value="Close Study"
    />
  </div>
</div>
`;
